// Jest Snapshot v1, https://goo.gl/fbAQLP

exports[`should render ExpenseList with expenses 1`] = `
<div>
  <ExpenseListItem
    amount={195}
    createdAt={0}
    description="Gum"
    id="1"
    key="1"
    note=""
  />
  <ExpenseListItem
    amount={679500}
    createdAt={-345600000}
    description="Rent"
    id="2"
    key="2"
    note="some note"
  />
  <ExpenseListItem
    amount={225000}
    createdAt={345600000}
    description="Car payment"
    id="3"
    key="3"
    note="sucks"
  />
</div>
`;

exports[`should render ExpenseList with no expenses 1`] = `
<div>
  <p>
    No expenses
  </p>
</div>
`;
