// Jest Snapshot v1, https://goo.gl/fbAQLP

exports[`should show expense list item 1`] = `
<Link
  className="list-item"
  replace={false}
  to="/edit/1"
>
  <div>
    <h3
      className="list-item__title"
    >
      Gum
    </h3>
    <span
      className="list-item__sub-title"
    >
       01-01-1970
    </span>
  </div>
  <h3
    className="list-item__data"
  >
    1.95kr 
  </h3>
</Link>
`;
